feature@org.eclipse.emf.all=HEAD,:pserver:anonymous@dev.eclipse.org:/cvsroot/modeling,,org.eclipse.emf/org.eclipse.emf/features/org.eclipse.emf.all-feature
feature@org.eclipse.emf.codegen.ecore=HEAD,:pserver:anonymous@dev.eclipse.org:/cvsroot/modeling,,org.eclipse.emf/org.eclipse.emf/features/org.eclipse.emf.codegen.ecore-feature
feature@org.eclipse.emf.codegen.ecore.ui=HEAD,:pserver:anonymous@dev.eclipse.org:/cvsroot/modeling,,org.eclipse.emf/org.eclipse.emf/features/org.eclipse.emf.codegen.ecore.ui-feature
feature@org.eclipse.emf.codegen=HEAD,:pserver:anonymous@dev.eclipse.org:/cvsroot/modeling,,org.eclipse.emf/org.eclipse.emf/features/org.eclipse.emf.codegen-feature
feature@org.eclipse.emf.codegen.ui=HEAD,:pserver:anonymous@dev.eclipse.org:/cvsroot/modeling,,org.eclipse.emf/org.eclipse.emf/features/org.eclipse.emf.codegen.ui-feature
feature@org.eclipse.emf.common=HEAD,:pserver:anonymous@dev.eclipse.org:/cvsroot/modeling,,org.eclipse.emf/org.eclipse.emf/features/org.eclipse.emf.common-feature
feature@org.eclipse.emf.common.ui=HEAD,:pserver:anonymous@dev.eclipse.org:/cvsroot/modeling,,org.eclipse.emf/org.eclipse.emf/features/org.eclipse.emf.common.ui-feature
feature@org.eclipse.emf.converter=HEAD,:pserver:anonymous@dev.eclipse.org:/cvsroot/modeling,,org.eclipse.emf/org.eclipse.emf/features/org.eclipse.emf.converter-feature
feature@org.eclipse.emf.databinding.edit=HEAD,:pserver:anonymous@dev.eclipse.org:/cvsroot/modeling,,org.eclipse.emf/org.eclipse.emf/features/org.eclipse.emf.databinding.edit-feature
feature@org.eclipse.emf.databinding=HEAD,:pserver:anonymous@dev.eclipse.org:/cvsroot/modeling,,org.eclipse.emf/org.eclipse.emf/features/org.eclipse.emf.databinding-feature
feature@org.eclipse.emf.ecore.edit=HEAD,:pserver:anonymous@dev.eclipse.org:/cvsroot/modeling,,org.eclipse.emf/org.eclipse.emf/features/org.eclipse.emf.ecore.edit-feature
feature@org.eclipse.emf.ecore.editor=HEAD,:pserver:anonymous@dev.eclipse.org:/cvsroot/modeling,,org.eclipse.emf/org.eclipse.emf/features/org.eclipse.emf.ecore.editor-feature
feature@org.eclipse.emf.ecore=HEAD,:pserver:anonymous@dev.eclipse.org:/cvsroot/modeling,,org.eclipse.emf/org.eclipse.emf/features/org.eclipse.emf.ecore-feature
feature@org.eclipse.emf.edit=HEAD,:pserver:anonymous@dev.eclipse.org:/cvsroot/modeling,,org.eclipse.emf/org.eclipse.emf/features/org.eclipse.emf.edit-feature
feature@org.eclipse.emf.edit.ui=HEAD,:pserver:anonymous@dev.eclipse.org:/cvsroot/modeling,,org.eclipse.emf/org.eclipse.emf/features/org.eclipse.emf.edit.ui-feature
feature@org.eclipse.emf=HEAD,:pserver:anonymous@dev.eclipse.org:/cvsroot/modeling,,org.eclipse.emf/org.eclipse.emf/features/org.eclipse.emf-feature
feature@org.eclipse.emf.mapping.ecore.editor=HEAD,:pserver:anonymous@dev.eclipse.org:/cvsroot/modeling,,org.eclipse.emf/org.eclipse.emf/features/org.eclipse.emf.mapping.ecore.editor-feature
feature@org.eclipse.emf.mapping.ecore=HEAD,:pserver:anonymous@dev.eclipse.org:/cvsroot/modeling,,org.eclipse.emf/org.eclipse.emf/features/org.eclipse.emf.mapping.ecore-feature
feature@org.eclipse.emf.mapping=HEAD,:pserver:anonymous@dev.eclipse.org:/cvsroot/modeling,,org.eclipse.emf/org.eclipse.emf/features/org.eclipse.emf.mapping-feature
feature@org.eclipse.emf.mapping.ui=HEAD,:pserver:anonymous@dev.eclipse.org:/cvsroot/modeling,,org.eclipse.emf/org.eclipse.emf/features/org.eclipse.emf.mapping.ui-feature
feature@org.eclipse.emf.sdk=HEAD,:pserver:anonymous@dev.eclipse.org:/cvsroot/modeling,,org.eclipse.emf/org.eclipse.emf/features/org.eclipse.emf.sdk-feature
plugin@org.eclipse.emf=HEAD,:pserver:anonymous@dev.eclipse.org:/cvsroot/modeling,,org.eclipse.emf/org.eclipse.emf/plugins/org.eclipse.emf
plugin@org.eclipse.emf.ant=HEAD,:pserver:anonymous@dev.eclipse.org:/cvsroot/modeling,,org.eclipse.emf/org.eclipse.emf/plugins/org.eclipse.emf.ant
plugin@org.eclipse.emf.codegen=HEAD,:pserver:anonymous@dev.eclipse.org:/cvsroot/modeling,,org.eclipse.emf/org.eclipse.emf/plugins/org.eclipse.emf.codegen
plugin@org.eclipse.emf.codegen.ecore=HEAD,:pserver:anonymous@dev.eclipse.org:/cvsroot/modeling,,org.eclipse.emf/org.eclipse.emf/plugins/org.eclipse.emf.codegen.ecore
plugin@org.eclipse.emf.codegen.ecore.ui=HEAD,:pserver:anonymous@dev.eclipse.org:/cvsroot/modeling,,org.eclipse.emf/org.eclipse.emf/plugins/org.eclipse.emf.codegen.ecore.ui
plugin@org.eclipse.emf.codegen.ui=HEAD,:pserver:anonymous@dev.eclipse.org:/cvsroot/modeling,,org.eclipse.emf/org.eclipse.emf/plugins/org.eclipse.emf.codegen.ui
plugin@org.eclipse.emf.common=HEAD,:pserver:anonymous@dev.eclipse.org:/cvsroot/modeling,,org.eclipse.emf/org.eclipse.emf/plugins/org.eclipse.emf.common
plugin@org.eclipse.emf.common.ui=HEAD,:pserver:anonymous@dev.eclipse.org:/cvsroot/modeling,,org.eclipse.emf/org.eclipse.emf/plugins/org.eclipse.emf.common.ui
plugin@org.eclipse.emf.converter=HEAD,:pserver:anonymous@dev.eclipse.org:/cvsroot/modeling,,org.eclipse.emf/org.eclipse.emf/plugins/org.eclipse.emf.converter
plugin@org.eclipse.emf.databinding=HEAD,:pserver:anonymous@dev.eclipse.org:/cvsroot/modeling,,org.eclipse.emf/org.eclipse.emf/plugins/org.eclipse.emf.databinding
plugin@org.eclipse.emf.databinding.edit=HEAD,:pserver:anonymous@dev.eclipse.org:/cvsroot/modeling,,org.eclipse.emf/org.eclipse.emf/plugins/org.eclipse.emf.databinding.edit
plugin@org.eclipse.emf.ecore=HEAD,:pserver:anonymous@dev.eclipse.org:/cvsroot/modeling,,org.eclipse.emf/org.eclipse.emf/plugins/org.eclipse.emf.ecore
plugin@org.eclipse.emf.ecore.change=HEAD,:pserver:anonymous@dev.eclipse.org:/cvsroot/modeling,,org.eclipse.emf/org.eclipse.emf/plugins/org.eclipse.emf.ecore.change
plugin@org.eclipse.emf.ecore.change.edit=HEAD,:pserver:anonymous@dev.eclipse.org:/cvsroot/modeling,,org.eclipse.emf/org.eclipse.emf/plugins/org.eclipse.emf.ecore.change.edit
plugin@org.eclipse.emf.ecore.edit=HEAD,:pserver:anonymous@dev.eclipse.org:/cvsroot/modeling,,org.eclipse.emf/org.eclipse.emf/plugins/org.eclipse.emf.ecore.edit
plugin@org.eclipse.emf.ecore.editor=HEAD,:pserver:anonymous@dev.eclipse.org:/cvsroot/modeling,,org.eclipse.emf/org.eclipse.emf/plugins/org.eclipse.emf.ecore.editor
plugin@org.eclipse.emf.ecore.xmi=HEAD,:pserver:anonymous@dev.eclipse.org:/cvsroot/modeling,,org.eclipse.emf/org.eclipse.emf/plugins/org.eclipse.emf.ecore.xmi
plugin@org.eclipse.emf.edit=HEAD,:pserver:anonymous@dev.eclipse.org:/cvsroot/modeling,,org.eclipse.emf/org.eclipse.emf/plugins/org.eclipse.emf.edit
plugin@org.eclipse.emf.edit.ui=HEAD,:pserver:anonymous@dev.eclipse.org:/cvsroot/modeling,,org.eclipse.emf/org.eclipse.emf/plugins/org.eclipse.emf.edit.ui
plugin@org.eclipse.emf.example.installer=HEAD,:pserver:anonymous@dev.eclipse.org:/cvsroot/modeling,,org.eclipse.emf/org.eclipse.emf/plugins/org.eclipse.emf.example.installer
plugin@org.eclipse.emf.exporter=HEAD,:pserver:anonymous@dev.eclipse.org:/cvsroot/modeling,,org.eclipse.emf/org.eclipse.emf/plugins/org.eclipse.emf.exporter
plugin@org.eclipse.emf.importer=HEAD,:pserver:anonymous@dev.eclipse.org:/cvsroot/modeling,,org.eclipse.emf/org.eclipse.emf/plugins/org.eclipse.emf.importer
plugin@org.eclipse.emf.importer.ecore=HEAD,:pserver:anonymous@dev.eclipse.org:/cvsroot/modeling,,org.eclipse.emf/org.eclipse.emf/plugins/org.eclipse.emf.importer.ecore
plugin@org.eclipse.emf.importer.java=HEAD,:pserver:anonymous@dev.eclipse.org:/cvsroot/modeling,,org.eclipse.emf/org.eclipse.emf/plugins/org.eclipse.emf.importer.java
plugin@org.eclipse.emf.importer.rose=HEAD,:pserver:anonymous@dev.eclipse.org:/cvsroot/modeling,,org.eclipse.emf/org.eclipse.emf/plugins/org.eclipse.emf.importer.rose
plugin@org.eclipse.emf.mapping=HEAD,:pserver:anonymous@dev.eclipse.org:/cvsroot/modeling,,org.eclipse.emf/org.eclipse.emf/plugins/org.eclipse.emf.mapping
plugin@org.eclipse.emf.mapping.ecore=HEAD,:pserver:anonymous@dev.eclipse.org:/cvsroot/modeling,,org.eclipse.emf/org.eclipse.emf/plugins/org.eclipse.emf.mapping.ecore
plugin@org.eclipse.emf.mapping.ecore2ecore=HEAD,:pserver:anonymous@dev.eclipse.org:/cvsroot/modeling,,org.eclipse.emf/org.eclipse.emf/plugins/org.eclipse.emf.mapping.ecore2ecore
plugin@org.eclipse.emf.mapping.ecore2ecore.editor=HEAD,:pserver:anonymous@dev.eclipse.org:/cvsroot/modeling,,org.eclipse.emf/org.eclipse.emf/plugins/org.eclipse.emf.mapping.ecore2ecore.editor
plugin@org.eclipse.emf.mapping.ecore2xml=HEAD,:pserver:anonymous@dev.eclipse.org:/cvsroot/modeling,,org.eclipse.emf/org.eclipse.emf/plugins/org.eclipse.emf.mapping.ecore2xml
plugin@org.eclipse.emf.mapping.ecore2xml.ui=HEAD,:pserver:anonymous@dev.eclipse.org:/cvsroot/modeling,,org.eclipse.emf/org.eclipse.emf/plugins/org.eclipse.emf.mapping.ecore2xml.ui
plugin@org.eclipse.emf.mapping.ecore.editor=HEAD,:pserver:anonymous@dev.eclipse.org:/cvsroot/modeling,,org.eclipse.emf/org.eclipse.emf/plugins/org.eclipse.emf.mapping.ecore.editor
plugin@org.eclipse.emf.mapping.ui=HEAD,:pserver:anonymous@dev.eclipse.org:/cvsroot/modeling,,org.eclipse.emf/org.eclipse.emf/plugins/org.eclipse.emf.mapping.ui
plugin@org.eclipse.emf.activities=HEAD,:pserver:anonymous@dev.eclipse.org:/cvsroot/modeling,,org.eclipse.emf/org.eclipse.emf/examples/org.eclipse.emf.activities
plugin@org.eclipse.emf.examples=HEAD,:pserver:anonymous@dev.eclipse.org:/cvsroot/modeling,,org.eclipse.emf/org.eclipse.emf/examples/org.eclipse.emf.examples
plugin@org.eclipse.emf.examples.databinding.project.core=HEAD,:pserver:anonymous@dev.eclipse.org:/cvsroot/modeling,,org.eclipse.emf/org.eclipse.emf/examples/org.eclipse.emf.examples.databinding.project.core
plugin@org.eclipse.emf.examples.databinding.project.core.model=HEAD,:pserver:anonymous@dev.eclipse.org:/cvsroot/modeling,,org.eclipse.emf/org.eclipse.emf/examples/org.eclipse.emf.examples.databinding.project.core.model
plugin@org.eclipse.emf.examples.databinding.project.ui.rcp=HEAD,:pserver:anonymous@dev.eclipse.org:/cvsroot/modeling,,org.eclipse.emf/org.eclipse.emf/examples/org.eclipse.emf.examples.databinding.project.ui.rcp
feature@org.eclipse.emf.examples=HEAD,:pserver:anonymous@dev.eclipse.org:/cvsroot/modeling,,org.eclipse.emf/org.eclipse.emf/examples/org.eclipse.emf.examples-feature
plugin@org.eclipse.emf.examples.generator.validator=HEAD,:pserver:anonymous@dev.eclipse.org:/cvsroot/modeling,,org.eclipse.emf/org.eclipse.emf/examples/org.eclipse.emf.examples.generator.validator
plugin@org.eclipse.emf.examples.library=HEAD,:pserver:anonymous@dev.eclipse.org:/cvsroot/modeling,,org.eclipse.emf/org.eclipse.emf/examples/org.eclipse.emf.examples.library
plugin@org.eclipse.emf.examples.library.edit=HEAD,:pserver:anonymous@dev.eclipse.org:/cvsroot/modeling,,org.eclipse.emf/org.eclipse.emf/examples/org.eclipse.emf.examples.library.edit
plugin@org.eclipse.emf.examples.library.editor=HEAD,:pserver:anonymous@dev.eclipse.org:/cvsroot/modeling,,org.eclipse.emf/org.eclipse.emf/examples/org.eclipse.emf.examples.library.editor
plugin@org.eclipse.emf.exporter.html=HEAD,:pserver:anonymous@dev.eclipse.org:/cvsroot/modeling,,org.eclipse.emf/org.eclipse.emf/examples/org.eclipse.emf.exporter.html
plugin@org.eclipse.emf.java=HEAD,:pserver:anonymous@dev.eclipse.org:/cvsroot/modeling,,org.eclipse.emf/org.eclipse.emf/examples/org.eclipse.emf.java
plugin@org.eclipse.emf.java.edit=HEAD,:pserver:anonymous@dev.eclipse.org:/cvsroot/modeling,,org.eclipse.emf/org.eclipse.emf/examples/org.eclipse.emf.java.edit
plugin@org.eclipse.emf.java.editor=HEAD,:pserver:anonymous@dev.eclipse.org:/cvsroot/modeling,,org.eclipse.emf/org.eclipse.emf/examples/org.eclipse.emf.java.editor
plugin@org.eclipse.emf.test.build=HEAD,:pserver:anonymous@dev.eclipse.org:/cvsroot/modeling,,org.eclipse.emf/org.eclipse.emf/tests/org.eclipse.emf.test.build
plugin@org.eclipse.emf.test.common=HEAD,:pserver:anonymous@dev.eclipse.org:/cvsroot/modeling,,org.eclipse.emf/org.eclipse.emf/tests/org.eclipse.emf.test.common
plugin@org.eclipse.emf.test.core=HEAD,:pserver:anonymous@dev.eclipse.org:/cvsroot/modeling,,org.eclipse.emf/org.eclipse.emf/tests/org.eclipse.emf.test.core
plugin@org.eclipse.emf.test.databinding=HEAD,:pserver:anonymous@dev.eclipse.org:/cvsroot/modeling,,org.eclipse.emf/org.eclipse.emf/tests/org.eclipse.emf.test.databinding
plugin@org.eclipse.emf.test.databinding.edit=HEAD,:pserver:anonymous@dev.eclipse.org:/cvsroot/modeling,,org.eclipse.emf/org.eclipse.emf/tests/org.eclipse.emf.test.databinding.edit
plugin@org.eclipse.emf.test.edit=HEAD,:pserver:anonymous@dev.eclipse.org:/cvsroot/modeling,,org.eclipse.emf/org.eclipse.emf/tests/org.eclipse.emf.test.edit
plugin@org.eclipse.emf.test.examples=HEAD,:pserver:anonymous@dev.eclipse.org:/cvsroot/modeling,,org.eclipse.emf/org.eclipse.emf/tests/org.eclipse.emf.test.examples
plugin@org.eclipse.emf.test.performance=HEAD,:pserver:anonymous@dev.eclipse.org:/cvsroot/modeling,,org.eclipse.emf/org.eclipse.emf/tests/org.eclipse.emf.test.performance
plugin@org.eclipse.emf.tests=HEAD,:pserver:anonymous@dev.eclipse.org:/cvsroot/modeling,,org.eclipse.emf/org.eclipse.emf/tests/org.eclipse.emf.tests
plugin@org.eclipse.emf.test.sdo=HEAD,:pserver:anonymous@dev.eclipse.org:/cvsroot/modeling,,org.eclipse.emf/org.eclipse.emf/tests/org.eclipse.emf.test.sdo
feature@org.eclipse.emf.tests=HEAD,:pserver:anonymous@dev.eclipse.org:/cvsroot/modeling,,org.eclipse.emf/org.eclipse.emf/tests/org.eclipse.emf.tests-feature
plugin@org.eclipse.emf.test.tools=HEAD,:pserver:anonymous@dev.eclipse.org:/cvsroot/modeling,,org.eclipse.emf/org.eclipse.emf/tests/org.eclipse.emf.test.tools
plugin@org.eclipse.emf.test.xml=HEAD,:pserver:anonymous@dev.eclipse.org:/cvsroot/modeling,,org.eclipse.emf/org.eclipse.emf/tests/org.eclipse.emf.test.xml
plugin@org.eclipse.emf.cheatsheets=HEAD,:pserver:anonymous@dev.eclipse.org:/cvsroot/modeling,,org.eclipse.emf/org.eclipse.emf/doc/org.eclipse.emf.cheatsheets
plugin@org.eclipse.emf.doc=HEAD,:pserver:anonymous@dev.eclipse.org:/cvsroot/modeling,,org.eclipse.emf/org.eclipse.emf/doc/org.eclipse.emf.doc
feature@org.eclipse.emf.doc=HEAD,:pserver:anonymous@dev.eclipse.org:/cvsroot/modeling,,org.eclipse.emf/org.eclipse.emf/doc/org.eclipse.emf.doc-feature
plugin@org.eclipse.emf.examples.jet.article2=HEAD,:pserver:anonymous@dev.eclipse.org:/cvsroot/modeling,,org.eclipse.emf/org.eclipse.emf/doc/org.eclipse.emf.examples.jet.article2
feature@org.eclipse.emf.rap=HEAD,:pserver:anonymous@dev.eclipse.org:/cvsroot/modeling,,org.eclipse.emf/org.eclipse.emf/features/org.eclipse.emf.rap-feature
feature@org.eclipse.emf.rap.common.ui=HEAD,:pserver:anonymous@dev.eclipse.org:/cvsroot/modeling,,org.eclipse.emf/org.eclipse.emf/features/org.eclipse.emf.rap.common.ui-feature
feature@org.eclipse.emf.rap.edit.ui=HEAD,:pserver:anonymous@dev.eclipse.org:/cvsroot/modeling,,org.eclipse.emf/org.eclipse.emf/features/org.eclipse.emf.rap.edit.ui-feature
feature@org.eclipse.emf.rap.sdk=HEAD,:pserver:anonymous@dev.eclipse.org:/cvsroot/modeling,,org.eclipse.emf/org.eclipse.emf/features/org.eclipse.emf.rap.sdk-feature
plugin@org.eclipse.emf.rap=HEAD,:pserver:anonymous@dev.eclipse.org:/cvsroot/modeling,,org.eclipse.emf/org.eclipse.emf/plugins/org.eclipse.emf.rap
plugin@org.eclipse.emf.rap.common.ui=HEAD,:pserver:anonymous@dev.eclipse.org:/cvsroot/modeling,,org.eclipse.emf/org.eclipse.emf/plugins/org.eclipse.emf.rap.common.ui
plugin@org.eclipse.emf.rap.edit.ui=HEAD,:pserver:anonymous@dev.eclipse.org:/cvsroot/modeling,,org.eclipse.emf/org.eclipse.emf/plugins/org.eclipse.emf.rap.edit.ui
feature@org.eclipse.emf.build=HEAD,:pserver:anonymous@dev.eclipse.org:/cvsroot/modeling,,org.eclipse.emf/org.eclipse.emf/releng/org.eclipse.emf.build-feature
feature@org.eclipse.xsd.ecore.converter=HEAD,:pserver:anonymous@dev.eclipse.org:/cvsroot/modeling,,org.eclipse.mdt/org.eclipse.xsd/features/org.eclipse.xsd.ecore.converter-feature
feature@org.eclipse.xsd.edit=HEAD,:pserver:anonymous@dev.eclipse.org:/cvsroot/modeling,,org.eclipse.mdt/org.eclipse.xsd/features/org.eclipse.xsd.edit-feature
feature@org.eclipse.xsd.editor=HEAD,:pserver:anonymous@dev.eclipse.org:/cvsroot/modeling,,org.eclipse.mdt/org.eclipse.xsd/features/org.eclipse.xsd.editor-feature
feature@org.eclipse.xsd.example=HEAD,:pserver:anonymous@dev.eclipse.org:/cvsroot/modeling,,org.eclipse.mdt/org.eclipse.xsd/features/org.eclipse.xsd.example-feature
feature@org.eclipse.xsd=HEAD,:pserver:anonymous@dev.eclipse.org:/cvsroot/modeling,,org.eclipse.mdt/org.eclipse.xsd/features/org.eclipse.xsd-feature
feature@org.eclipse.xsd.mapping.editor=HEAD,:pserver:anonymous@dev.eclipse.org:/cvsroot/modeling,,org.eclipse.mdt/org.eclipse.xsd/features/org.eclipse.xsd.mapping.editor-feature
feature@org.eclipse.xsd.mapping=HEAD,:pserver:anonymous@dev.eclipse.org:/cvsroot/modeling,,org.eclipse.mdt/org.eclipse.xsd/features/org.eclipse.xsd.mapping-feature
feature@org.eclipse.xsd.sdk=HEAD,:pserver:anonymous@dev.eclipse.org:/cvsroot/modeling,,org.eclipse.mdt/org.eclipse.xsd/features/org.eclipse.xsd.sdk-feature
plugin@org.eclipse.emf.mapping.xsd2ecore=HEAD,:pserver:anonymous@dev.eclipse.org:/cvsroot/modeling,,org.eclipse.mdt/org.eclipse.xsd/plugins/org.eclipse.emf.mapping.xsd2ecore
plugin@org.eclipse.emf.mapping.xsd2ecore.editor=HEAD,:pserver:anonymous@dev.eclipse.org:/cvsroot/modeling,,org.eclipse.mdt/org.eclipse.xsd/plugins/org.eclipse.emf.mapping.xsd2ecore.editor
plugin@org.eclipse.xsd=HEAD,:pserver:anonymous@dev.eclipse.org:/cvsroot/modeling,,org.eclipse.mdt/org.eclipse.xsd/plugins/org.eclipse.xsd
plugin@org.eclipse.xsd.ecore.converter=HEAD,:pserver:anonymous@dev.eclipse.org:/cvsroot/modeling,,org.eclipse.mdt/org.eclipse.xsd/plugins/org.eclipse.xsd.ecore.converter
plugin@org.eclipse.xsd.ecore.exporter=HEAD,:pserver:anonymous@dev.eclipse.org:/cvsroot/modeling,,org.eclipse.mdt/org.eclipse.xsd/plugins/org.eclipse.xsd.ecore.exporter
plugin@org.eclipse.xsd.ecore.importer=HEAD,:pserver:anonymous@dev.eclipse.org:/cvsroot/modeling,,org.eclipse.mdt/org.eclipse.xsd/plugins/org.eclipse.xsd.ecore.importer
plugin@org.eclipse.xsd.edit=HEAD,:pserver:anonymous@dev.eclipse.org:/cvsroot/modeling,,org.eclipse.mdt/org.eclipse.xsd/plugins/org.eclipse.xsd.edit
plugin@org.eclipse.xsd.editor=HEAD,:pserver:anonymous@dev.eclipse.org:/cvsroot/modeling,,org.eclipse.mdt/org.eclipse.xsd/plugins/org.eclipse.xsd.editor
plugin@org.eclipse.xsd.example.installer=HEAD,:pserver:anonymous@dev.eclipse.org:/cvsroot/modeling,,org.eclipse.mdt/org.eclipse.xsd/plugins/org.eclipse.xsd.example.installer
plugin@org.eclipse.xsd.mapping=HEAD,:pserver:anonymous@dev.eclipse.org:/cvsroot/modeling,,org.eclipse.mdt/org.eclipse.xsd/plugins/org.eclipse.xsd.mapping
plugin@org.eclipse.xsd.mapping.editor=HEAD,:pserver:anonymous@dev.eclipse.org:/cvsroot/modeling,,org.eclipse.mdt/org.eclipse.xsd/plugins/org.eclipse.xsd.mapping.editor
plugin@org.eclipse.xsd.test=HEAD,:pserver:anonymous@dev.eclipse.org:/cvsroot/modeling,,org.eclipse.mdt/org.eclipse.xsd/plugins/org.eclipse.xsd.test
plugin@org.eclipse.xsd.cheatsheets=HEAD,:pserver:anonymous@dev.eclipse.org:/cvsroot/modeling,,org.eclipse.mdt/org.eclipse.xsd/doc/org.eclipse.xsd.cheatsheets
plugin@org.eclipse.xsd.doc=HEAD,:pserver:anonymous@dev.eclipse.org:/cvsroot/modeling,,org.eclipse.mdt/org.eclipse.xsd/doc/org.eclipse.xsd.doc
feature@org.eclipse.xsd.doc=HEAD,:pserver:anonymous@dev.eclipse.org:/cvsroot/modeling,,org.eclipse.mdt/org.eclipse.xsd/doc/org.eclipse.xsd.doc-feature
plugin@org.eclipse.xsd.example=HEAD,:pserver:anonymous@dev.eclipse.org:/cvsroot/modeling,,org.eclipse.mdt/org.eclipse.xsd/examples/org.eclipse.xsd.example