feature@org.eclipse.emf.all=build_201001101746,:pserver:anonymous@dev.eclipse.org:/cvsroot/modeling,,org.eclipse.emf/org.eclipse.emf/features/org.eclipse.emf.all-feature
feature@org.eclipse.emf.codegen.ecore=build_201001101746,:pserver:anonymous@dev.eclipse.org:/cvsroot/modeling,,org.eclipse.emf/org.eclipse.emf/features/org.eclipse.emf.codegen.ecore-feature
feature@org.eclipse.emf.codegen.ecore.ui=build_201001101746,:pserver:anonymous@dev.eclipse.org:/cvsroot/modeling,,org.eclipse.emf/org.eclipse.emf/features/org.eclipse.emf.codegen.ecore.ui-feature
feature@org.eclipse.emf.codegen=build_201001101746,:pserver:anonymous@dev.eclipse.org:/cvsroot/modeling,,org.eclipse.emf/org.eclipse.emf/features/org.eclipse.emf.codegen-feature
feature@org.eclipse.emf.codegen.ui=build_201001101746,:pserver:anonymous@dev.eclipse.org:/cvsroot/modeling,,org.eclipse.emf/org.eclipse.emf/features/org.eclipse.emf.codegen.ui-feature
feature@org.eclipse.emf.common=build_201001101746,:pserver:anonymous@dev.eclipse.org:/cvsroot/modeling,,org.eclipse.emf/org.eclipse.emf/features/org.eclipse.emf.common-feature
feature@org.eclipse.emf.common.ui=build_201001101746,:pserver:anonymous@dev.eclipse.org:/cvsroot/modeling,,org.eclipse.emf/org.eclipse.emf/features/org.eclipse.emf.common.ui-feature
feature@org.eclipse.emf.converter=build_201001101746,:pserver:anonymous@dev.eclipse.org:/cvsroot/modeling,,org.eclipse.emf/org.eclipse.emf/features/org.eclipse.emf.converter-feature
feature@org.eclipse.emf.databinding.edit=build_201001101746,:pserver:anonymous@dev.eclipse.org:/cvsroot/modeling,,org.eclipse.emf/org.eclipse.emf/features/org.eclipse.emf.databinding.edit-feature
feature@org.eclipse.emf.databinding=build_201001101746,:pserver:anonymous@dev.eclipse.org:/cvsroot/modeling,,org.eclipse.emf/org.eclipse.emf/features/org.eclipse.emf.databinding-feature
feature@org.eclipse.emf.ecore.edit=build_201001101746,:pserver:anonymous@dev.eclipse.org:/cvsroot/modeling,,org.eclipse.emf/org.eclipse.emf/features/org.eclipse.emf.ecore.edit-feature
feature@org.eclipse.emf.ecore.editor=build_201001101746,:pserver:anonymous@dev.eclipse.org:/cvsroot/modeling,,org.eclipse.emf/org.eclipse.emf/features/org.eclipse.emf.ecore.editor-feature
feature@org.eclipse.emf.ecore=build_201001101746,:pserver:anonymous@dev.eclipse.org:/cvsroot/modeling,,org.eclipse.emf/org.eclipse.emf/features/org.eclipse.emf.ecore-feature
feature@org.eclipse.emf.edit=build_201001101746,:pserver:anonymous@dev.eclipse.org:/cvsroot/modeling,,org.eclipse.emf/org.eclipse.emf/features/org.eclipse.emf.edit-feature
feature@org.eclipse.emf.edit.ui=build_201001101746,:pserver:anonymous@dev.eclipse.org:/cvsroot/modeling,,org.eclipse.emf/org.eclipse.emf/features/org.eclipse.emf.edit.ui-feature
feature@org.eclipse.emf=build_201001101746,:pserver:anonymous@dev.eclipse.org:/cvsroot/modeling,,org.eclipse.emf/org.eclipse.emf/features/org.eclipse.emf-feature
feature@org.eclipse.emf.mapping.ecore.editor=build_201001101746,:pserver:anonymous@dev.eclipse.org:/cvsroot/modeling,,org.eclipse.emf/org.eclipse.emf/features/org.eclipse.emf.mapping.ecore.editor-feature
feature@org.eclipse.emf.mapping.ecore=build_201001101746,:pserver:anonymous@dev.eclipse.org:/cvsroot/modeling,,org.eclipse.emf/org.eclipse.emf/features/org.eclipse.emf.mapping.ecore-feature
feature@org.eclipse.emf.mapping=build_201001101746,:pserver:anonymous@dev.eclipse.org:/cvsroot/modeling,,org.eclipse.emf/org.eclipse.emf/features/org.eclipse.emf.mapping-feature
feature@org.eclipse.emf.mapping.ui=build_201001101746,:pserver:anonymous@dev.eclipse.org:/cvsroot/modeling,,org.eclipse.emf/org.eclipse.emf/features/org.eclipse.emf.mapping.ui-feature
feature@org.eclipse.emf.sdk=build_201001101746,:pserver:anonymous@dev.eclipse.org:/cvsroot/modeling,,org.eclipse.emf/org.eclipse.emf/features/org.eclipse.emf.sdk-feature
plugin@org.eclipse.emf=build_201001101746,:pserver:anonymous@dev.eclipse.org:/cvsroot/modeling,,org.eclipse.emf/org.eclipse.emf/plugins/org.eclipse.emf
plugin@org.eclipse.emf.ant=build_201001101746,:pserver:anonymous@dev.eclipse.org:/cvsroot/modeling,,org.eclipse.emf/org.eclipse.emf/plugins/org.eclipse.emf.ant
plugin@org.eclipse.emf.codegen=build_201001101746,:pserver:anonymous@dev.eclipse.org:/cvsroot/modeling,,org.eclipse.emf/org.eclipse.emf/plugins/org.eclipse.emf.codegen
plugin@org.eclipse.emf.codegen.ecore=build_201001101746,:pserver:anonymous@dev.eclipse.org:/cvsroot/modeling,,org.eclipse.emf/org.eclipse.emf/plugins/org.eclipse.emf.codegen.ecore
plugin@org.eclipse.emf.codegen.ecore.ui=build_201001101746,:pserver:anonymous@dev.eclipse.org:/cvsroot/modeling,,org.eclipse.emf/org.eclipse.emf/plugins/org.eclipse.emf.codegen.ecore.ui
plugin@org.eclipse.emf.codegen.ui=build_201001101746,:pserver:anonymous@dev.eclipse.org:/cvsroot/modeling,,org.eclipse.emf/org.eclipse.emf/plugins/org.eclipse.emf.codegen.ui
plugin@org.eclipse.emf.common=build_201001101746,:pserver:anonymous@dev.eclipse.org:/cvsroot/modeling,,org.eclipse.emf/org.eclipse.emf/plugins/org.eclipse.emf.common
plugin@org.eclipse.emf.common.ui=build_201001101746,:pserver:anonymous@dev.eclipse.org:/cvsroot/modeling,,org.eclipse.emf/org.eclipse.emf/plugins/org.eclipse.emf.common.ui
plugin@org.eclipse.emf.converter=build_201001101746,:pserver:anonymous@dev.eclipse.org:/cvsroot/modeling,,org.eclipse.emf/org.eclipse.emf/plugins/org.eclipse.emf.converter
plugin@org.eclipse.emf.databinding=build_201001101746,:pserver:anonymous@dev.eclipse.org:/cvsroot/modeling,,org.eclipse.emf/org.eclipse.emf/plugins/org.eclipse.emf.databinding
plugin@org.eclipse.emf.databinding.edit=build_201001101746,:pserver:anonymous@dev.eclipse.org:/cvsroot/modeling,,org.eclipse.emf/org.eclipse.emf/plugins/org.eclipse.emf.databinding.edit
plugin@org.eclipse.emf.ecore=build_201001101746,:pserver:anonymous@dev.eclipse.org:/cvsroot/modeling,,org.eclipse.emf/org.eclipse.emf/plugins/org.eclipse.emf.ecore
plugin@org.eclipse.emf.ecore.change=build_201001101746,:pserver:anonymous@dev.eclipse.org:/cvsroot/modeling,,org.eclipse.emf/org.eclipse.emf/plugins/org.eclipse.emf.ecore.change
plugin@org.eclipse.emf.ecore.change.edit=build_201001101746,:pserver:anonymous@dev.eclipse.org:/cvsroot/modeling,,org.eclipse.emf/org.eclipse.emf/plugins/org.eclipse.emf.ecore.change.edit
plugin@org.eclipse.emf.ecore.edit=build_201001101746,:pserver:anonymous@dev.eclipse.org:/cvsroot/modeling,,org.eclipse.emf/org.eclipse.emf/plugins/org.eclipse.emf.ecore.edit
plugin@org.eclipse.emf.ecore.editor=build_201001101746,:pserver:anonymous@dev.eclipse.org:/cvsroot/modeling,,org.eclipse.emf/org.eclipse.emf/plugins/org.eclipse.emf.ecore.editor
plugin@org.eclipse.emf.ecore.xmi=build_201001101746,:pserver:anonymous@dev.eclipse.org:/cvsroot/modeling,,org.eclipse.emf/org.eclipse.emf/plugins/org.eclipse.emf.ecore.xmi
plugin@org.eclipse.emf.edit=build_201001101746,:pserver:anonymous@dev.eclipse.org:/cvsroot/modeling,,org.eclipse.emf/org.eclipse.emf/plugins/org.eclipse.emf.edit
plugin@org.eclipse.emf.edit.ui=build_201001101746,:pserver:anonymous@dev.eclipse.org:/cvsroot/modeling,,org.eclipse.emf/org.eclipse.emf/plugins/org.eclipse.emf.edit.ui
plugin@org.eclipse.emf.example.installer=build_201001101746,:pserver:anonymous@dev.eclipse.org:/cvsroot/modeling,,org.eclipse.emf/org.eclipse.emf/plugins/org.eclipse.emf.example.installer
plugin@org.eclipse.emf.exporter=build_201001101746,:pserver:anonymous@dev.eclipse.org:/cvsroot/modeling,,org.eclipse.emf/org.eclipse.emf/plugins/org.eclipse.emf.exporter
plugin@org.eclipse.emf.importer=build_201001101746,:pserver:anonymous@dev.eclipse.org:/cvsroot/modeling,,org.eclipse.emf/org.eclipse.emf/plugins/org.eclipse.emf.importer
plugin@org.eclipse.emf.importer.ecore=build_201001101746,:pserver:anonymous@dev.eclipse.org:/cvsroot/modeling,,org.eclipse.emf/org.eclipse.emf/plugins/org.eclipse.emf.importer.ecore
plugin@org.eclipse.emf.importer.java=build_201001101746,:pserver:anonymous@dev.eclipse.org:/cvsroot/modeling,,org.eclipse.emf/org.eclipse.emf/plugins/org.eclipse.emf.importer.java
plugin@org.eclipse.emf.importer.rose=build_201001101746,:pserver:anonymous@dev.eclipse.org:/cvsroot/modeling,,org.eclipse.emf/org.eclipse.emf/plugins/org.eclipse.emf.importer.rose
plugin@org.eclipse.emf.mapping=build_201001101746,:pserver:anonymous@dev.eclipse.org:/cvsroot/modeling,,org.eclipse.emf/org.eclipse.emf/plugins/org.eclipse.emf.mapping
plugin@org.eclipse.emf.mapping.ecore=build_201001101746,:pserver:anonymous@dev.eclipse.org:/cvsroot/modeling,,org.eclipse.emf/org.eclipse.emf/plugins/org.eclipse.emf.mapping.ecore
plugin@org.eclipse.emf.mapping.ecore2ecore=build_201001101746,:pserver:anonymous@dev.eclipse.org:/cvsroot/modeling,,org.eclipse.emf/org.eclipse.emf/plugins/org.eclipse.emf.mapping.ecore2ecore
plugin@org.eclipse.emf.mapping.ecore2ecore.editor=build_201001101746,:pserver:anonymous@dev.eclipse.org:/cvsroot/modeling,,org.eclipse.emf/org.eclipse.emf/plugins/org.eclipse.emf.mapping.ecore2ecore.editor
plugin@org.eclipse.emf.mapping.ecore2xml=build_201001101746,:pserver:anonymous@dev.eclipse.org:/cvsroot/modeling,,org.eclipse.emf/org.eclipse.emf/plugins/org.eclipse.emf.mapping.ecore2xml
plugin@org.eclipse.emf.mapping.ecore2xml.ui=build_201001101746,:pserver:anonymous@dev.eclipse.org:/cvsroot/modeling,,org.eclipse.emf/org.eclipse.emf/plugins/org.eclipse.emf.mapping.ecore2xml.ui
plugin@org.eclipse.emf.mapping.ecore.editor=build_201001101746,:pserver:anonymous@dev.eclipse.org:/cvsroot/modeling,,org.eclipse.emf/org.eclipse.emf/plugins/org.eclipse.emf.mapping.ecore.editor
plugin@org.eclipse.emf.mapping.ui=build_201001101746,:pserver:anonymous@dev.eclipse.org:/cvsroot/modeling,,org.eclipse.emf/org.eclipse.emf/plugins/org.eclipse.emf.mapping.ui
plugin@org.eclipse.emf.activities=build_201001101746,:pserver:anonymous@dev.eclipse.org:/cvsroot/modeling,,org.eclipse.emf/org.eclipse.emf/examples/org.eclipse.emf.activities
plugin@org.eclipse.emf.examples=build_201001101746,:pserver:anonymous@dev.eclipse.org:/cvsroot/modeling,,org.eclipse.emf/org.eclipse.emf/examples/org.eclipse.emf.examples
plugin@org.eclipse.emf.examples.databinding.project.core=build_201001101746,:pserver:anonymous@dev.eclipse.org:/cvsroot/modeling,,org.eclipse.emf/org.eclipse.emf/examples/org.eclipse.emf.examples.databinding.project.core
plugin@org.eclipse.emf.examples.databinding.project.core.model=build_201001101746,:pserver:anonymous@dev.eclipse.org:/cvsroot/modeling,,org.eclipse.emf/org.eclipse.emf/examples/org.eclipse.emf.examples.databinding.project.core.model
plugin@org.eclipse.emf.examples.databinding.project.ui.rcp=build_201001101746,:pserver:anonymous@dev.eclipse.org:/cvsroot/modeling,,org.eclipse.emf/org.eclipse.emf/examples/org.eclipse.emf.examples.databinding.project.ui.rcp
feature@org.eclipse.emf.examples=build_201001101746,:pserver:anonymous@dev.eclipse.org:/cvsroot/modeling,,org.eclipse.emf/org.eclipse.emf/examples/org.eclipse.emf.examples-feature
plugin@org.eclipse.emf.examples.generator.validator=build_201001101746,:pserver:anonymous@dev.eclipse.org:/cvsroot/modeling,,org.eclipse.emf/org.eclipse.emf/examples/org.eclipse.emf.examples.generator.validator
plugin@org.eclipse.emf.examples.library=build_201001101746,:pserver:anonymous@dev.eclipse.org:/cvsroot/modeling,,org.eclipse.emf/org.eclipse.emf/examples/org.eclipse.emf.examples.library
plugin@org.eclipse.emf.examples.library.edit=build_201001101746,:pserver:anonymous@dev.eclipse.org:/cvsroot/modeling,,org.eclipse.emf/org.eclipse.emf/examples/org.eclipse.emf.examples.library.edit
plugin@org.eclipse.emf.examples.library.editor=build_201001101746,:pserver:anonymous@dev.eclipse.org:/cvsroot/modeling,,org.eclipse.emf/org.eclipse.emf/examples/org.eclipse.emf.examples.library.editor
plugin@org.eclipse.emf.exporter.html=build_201001101746,:pserver:anonymous@dev.eclipse.org:/cvsroot/modeling,,org.eclipse.emf/org.eclipse.emf/examples/org.eclipse.emf.exporter.html
plugin@org.eclipse.emf.java=build_201001101746,:pserver:anonymous@dev.eclipse.org:/cvsroot/modeling,,org.eclipse.emf/org.eclipse.emf/examples/org.eclipse.emf.java
plugin@org.eclipse.emf.java.edit=build_201001101746,:pserver:anonymous@dev.eclipse.org:/cvsroot/modeling,,org.eclipse.emf/org.eclipse.emf/examples/org.eclipse.emf.java.edit
plugin@org.eclipse.emf.java.editor=build_201001101746,:pserver:anonymous@dev.eclipse.org:/cvsroot/modeling,,org.eclipse.emf/org.eclipse.emf/examples/org.eclipse.emf.java.editor
plugin@org.eclipse.emf.test.build=build_201001101746,:pserver:anonymous@dev.eclipse.org:/cvsroot/modeling,,org.eclipse.emf/org.eclipse.emf/tests/org.eclipse.emf.test.build
plugin@org.eclipse.emf.test.common=build_201001101746,:pserver:anonymous@dev.eclipse.org:/cvsroot/modeling,,org.eclipse.emf/org.eclipse.emf/tests/org.eclipse.emf.test.common
plugin@org.eclipse.emf.test.core=build_201001101746,:pserver:anonymous@dev.eclipse.org:/cvsroot/modeling,,org.eclipse.emf/org.eclipse.emf/tests/org.eclipse.emf.test.core
plugin@org.eclipse.emf.test.databinding=build_201001101746,:pserver:anonymous@dev.eclipse.org:/cvsroot/modeling,,org.eclipse.emf/org.eclipse.emf/tests/org.eclipse.emf.test.databinding
plugin@org.eclipse.emf.test.databinding.edit=build_201001101746,:pserver:anonymous@dev.eclipse.org:/cvsroot/modeling,,org.eclipse.emf/org.eclipse.emf/tests/org.eclipse.emf.test.databinding.edit
plugin@org.eclipse.emf.test.edit=build_201001101746,:pserver:anonymous@dev.eclipse.org:/cvsroot/modeling,,org.eclipse.emf/org.eclipse.emf/tests/org.eclipse.emf.test.edit
plugin@org.eclipse.emf.test.examples=build_201001101746,:pserver:anonymous@dev.eclipse.org:/cvsroot/modeling,,org.eclipse.emf/org.eclipse.emf/tests/org.eclipse.emf.test.examples
plugin@org.eclipse.emf.test.performance=build_201001101746,:pserver:anonymous@dev.eclipse.org:/cvsroot/modeling,,org.eclipse.emf/org.eclipse.emf/tests/org.eclipse.emf.test.performance
plugin@org.eclipse.emf.tests=build_201001101746,:pserver:anonymous@dev.eclipse.org:/cvsroot/modeling,,org.eclipse.emf/org.eclipse.emf/tests/org.eclipse.emf.tests
plugin@org.eclipse.emf.test.sdo=build_201001101746,:pserver:anonymous@dev.eclipse.org:/cvsroot/modeling,,org.eclipse.emf/org.eclipse.emf/tests/org.eclipse.emf.test.sdo
feature@org.eclipse.emf.tests=build_201001101746,:pserver:anonymous@dev.eclipse.org:/cvsroot/modeling,,org.eclipse.emf/org.eclipse.emf/tests/org.eclipse.emf.tests-feature
plugin@org.eclipse.emf.test.tools=build_201001101746,:pserver:anonymous@dev.eclipse.org:/cvsroot/modeling,,org.eclipse.emf/org.eclipse.emf/tests/org.eclipse.emf.test.tools
plugin@org.eclipse.emf.test.xml=build_201001101746,:pserver:anonymous@dev.eclipse.org:/cvsroot/modeling,,org.eclipse.emf/org.eclipse.emf/tests/org.eclipse.emf.test.xml
plugin@org.eclipse.emf.cheatsheets=build_201001101746,:pserver:anonymous@dev.eclipse.org:/cvsroot/modeling,,org.eclipse.emf/org.eclipse.emf/doc/org.eclipse.emf.cheatsheets
plugin@org.eclipse.emf.doc=build_201001101746,:pserver:anonymous@dev.eclipse.org:/cvsroot/modeling,,org.eclipse.emf/org.eclipse.emf/doc/org.eclipse.emf.doc
feature@org.eclipse.emf.doc=build_201001101746,:pserver:anonymous@dev.eclipse.org:/cvsroot/modeling,,org.eclipse.emf/org.eclipse.emf/doc/org.eclipse.emf.doc-feature
plugin@org.eclipse.emf.examples.jet.article2=build_201001101746,:pserver:anonymous@dev.eclipse.org:/cvsroot/modeling,,org.eclipse.emf/org.eclipse.emf/doc/org.eclipse.emf.examples.jet.article2
feature@org.eclipse.emf.rap=HEAD,:pserver:anonymous@dev.eclipse.org:/cvsroot/modeling,,org.eclipse.emf/org.eclipse.emf/features/org.eclipse.emf.rap-feature
feature@org.eclipse.emf.rap.common.ui=HEAD,:pserver:anonymous@dev.eclipse.org:/cvsroot/modeling,,org.eclipse.emf/org.eclipse.emf/features/org.eclipse.emf.rap.common.ui-feature
feature@org.eclipse.emf.rap.edit.ui=HEAD,:pserver:anonymous@dev.eclipse.org:/cvsroot/modeling,,org.eclipse.emf/org.eclipse.emf/features/org.eclipse.emf.rap.edit.ui-feature
feature@org.eclipse.emf.rap.sdk=HEAD,:pserver:anonymous@dev.eclipse.org:/cvsroot/modeling,,org.eclipse.emf/org.eclipse.emf/features/org.eclipse.emf.rap.sdk-feature
plugin@org.eclipse.emf.rap=HEAD,:pserver:anonymous@dev.eclipse.org:/cvsroot/modeling,,org.eclipse.emf/org.eclipse.emf/plugins/org.eclipse.emf.rap
plugin@org.eclipse.emf.rap.common.ui=HEAD,:pserver:anonymous@dev.eclipse.org:/cvsroot/modeling,,org.eclipse.emf/org.eclipse.emf/plugins/org.eclipse.emf.rap.common.ui
plugin@org.eclipse.emf.rap.edit.ui=HEAD,:pserver:anonymous@dev.eclipse.org:/cvsroot/modeling,,org.eclipse.emf/org.eclipse.emf/plugins/org.eclipse.emf.rap.edit.ui
feature@org.eclipse.emf.build=HEAD,:pserver:anonymous@dev.eclipse.org:/cvsroot/modeling,,org.eclipse.emf/org.eclipse.emf/releng/org.eclipse.emf.build-feature
feature@org.eclipse.xsd.ecore.converter=build_201001101746,:pserver:anonymous@dev.eclipse.org:/cvsroot/modeling,,org.eclipse.mdt/org.eclipse.xsd/features/org.eclipse.xsd.ecore.converter-feature
feature@org.eclipse.xsd.edit=build_201001101746,:pserver:anonymous@dev.eclipse.org:/cvsroot/modeling,,org.eclipse.mdt/org.eclipse.xsd/features/org.eclipse.xsd.edit-feature
feature@org.eclipse.xsd.editor=build_201001101746,:pserver:anonymous@dev.eclipse.org:/cvsroot/modeling,,org.eclipse.mdt/org.eclipse.xsd/features/org.eclipse.xsd.editor-feature
feature@org.eclipse.xsd.example=build_201001101746,:pserver:anonymous@dev.eclipse.org:/cvsroot/modeling,,org.eclipse.mdt/org.eclipse.xsd/features/org.eclipse.xsd.example-feature
feature@org.eclipse.xsd=build_201001101746,:pserver:anonymous@dev.eclipse.org:/cvsroot/modeling,,org.eclipse.mdt/org.eclipse.xsd/features/org.eclipse.xsd-feature
feature@org.eclipse.xsd.mapping.editor=build_201001101746,:pserver:anonymous@dev.eclipse.org:/cvsroot/modeling,,org.eclipse.mdt/org.eclipse.xsd/features/org.eclipse.xsd.mapping.editor-feature
feature@org.eclipse.xsd.mapping=build_201001101746,:pserver:anonymous@dev.eclipse.org:/cvsroot/modeling,,org.eclipse.mdt/org.eclipse.xsd/features/org.eclipse.xsd.mapping-feature
feature@org.eclipse.xsd.sdk=build_201001101746,:pserver:anonymous@dev.eclipse.org:/cvsroot/modeling,,org.eclipse.mdt/org.eclipse.xsd/features/org.eclipse.xsd.sdk-feature
plugin@org.eclipse.emf.mapping.xsd2ecore=build_201001101746,:pserver:anonymous@dev.eclipse.org:/cvsroot/modeling,,org.eclipse.mdt/org.eclipse.xsd/plugins/org.eclipse.emf.mapping.xsd2ecore
plugin@org.eclipse.emf.mapping.xsd2ecore.editor=build_201001101746,:pserver:anonymous@dev.eclipse.org:/cvsroot/modeling,,org.eclipse.mdt/org.eclipse.xsd/plugins/org.eclipse.emf.mapping.xsd2ecore.editor
plugin@org.eclipse.xsd=build_201001101746,:pserver:anonymous@dev.eclipse.org:/cvsroot/modeling,,org.eclipse.mdt/org.eclipse.xsd/plugins/org.eclipse.xsd
plugin@org.eclipse.xsd.ecore.converter=build_201001101746,:pserver:anonymous@dev.eclipse.org:/cvsroot/modeling,,org.eclipse.mdt/org.eclipse.xsd/plugins/org.eclipse.xsd.ecore.converter
plugin@org.eclipse.xsd.ecore.exporter=build_201001101746,:pserver:anonymous@dev.eclipse.org:/cvsroot/modeling,,org.eclipse.mdt/org.eclipse.xsd/plugins/org.eclipse.xsd.ecore.exporter
plugin@org.eclipse.xsd.ecore.importer=build_201001101746,:pserver:anonymous@dev.eclipse.org:/cvsroot/modeling,,org.eclipse.mdt/org.eclipse.xsd/plugins/org.eclipse.xsd.ecore.importer
plugin@org.eclipse.xsd.edit=build_201001101746,:pserver:anonymous@dev.eclipse.org:/cvsroot/modeling,,org.eclipse.mdt/org.eclipse.xsd/plugins/org.eclipse.xsd.edit
plugin@org.eclipse.xsd.editor=build_201001101746,:pserver:anonymous@dev.eclipse.org:/cvsroot/modeling,,org.eclipse.mdt/org.eclipse.xsd/plugins/org.eclipse.xsd.editor
plugin@org.eclipse.xsd.example.installer=build_201001101746,:pserver:anonymous@dev.eclipse.org:/cvsroot/modeling,,org.eclipse.mdt/org.eclipse.xsd/plugins/org.eclipse.xsd.example.installer
plugin@org.eclipse.xsd.mapping=build_201001101746,:pserver:anonymous@dev.eclipse.org:/cvsroot/modeling,,org.eclipse.mdt/org.eclipse.xsd/plugins/org.eclipse.xsd.mapping
plugin@org.eclipse.xsd.mapping.editor=build_201001101746,:pserver:anonymous@dev.eclipse.org:/cvsroot/modeling,,org.eclipse.mdt/org.eclipse.xsd/plugins/org.eclipse.xsd.mapping.editor
plugin@org.eclipse.xsd.test=build_201001101746,:pserver:anonymous@dev.eclipse.org:/cvsroot/modeling,,org.eclipse.mdt/org.eclipse.xsd/plugins/org.eclipse.xsd.test
plugin@org.eclipse.xsd.cheatsheets=build_201001101746,:pserver:anonymous@dev.eclipse.org:/cvsroot/modeling,,org.eclipse.mdt/org.eclipse.xsd/doc/org.eclipse.xsd.cheatsheets
plugin@org.eclipse.xsd.doc=build_201001101746,:pserver:anonymous@dev.eclipse.org:/cvsroot/modeling,,org.eclipse.mdt/org.eclipse.xsd/doc/org.eclipse.xsd.doc
feature@org.eclipse.xsd.doc=build_201001101746,:pserver:anonymous@dev.eclipse.org:/cvsroot/modeling,,org.eclipse.mdt/org.eclipse.xsd/doc/org.eclipse.xsd.doc-feature
plugin@org.eclipse.xsd.example=build_201001101746,:pserver:anonymous@dev.eclipse.org:/cvsroot/modeling,,org.eclipse.mdt/org.eclipse.xsd/examples/org.eclipse.xsd.example
